printASTStmt: printAST
	UnaryMinusNode: -
	NumberNode: 5

printASTStmt: printAST
	UnaryPlusNode: +
	NumberNode: 3

printASTStmt: printAST
	UnaryMinusNode: -
	UnaryMinusNode: -
	NumberNode: 3

assignment_node: =
	x
	NumberNode: 10

printASTStmt: printAST
	UnaryMinusNode: -
	VariableNode: x (Type: 312)

printASTStmt: printAST
	UnaryPlusNode: +
	VariableNode: x (Type: 312)

print: -5
print: 3
print: 3
print: -10
print: 10
