printASTStmt: printAST
	AndNode: &&
	ConstantNode: verdadero (Type: 310)
	ConstantNode: verdadero (Type: 310)

printASTStmt: printAST
	AndNode: &&
	ConstantNode: verdadero (Type: 310)
	ConstantNode: falso (Type: 310)

printASTStmt: printAST
	OrNode: ||
	ConstantNode: falso (Type: 310)
	ConstantNode: verdadero (Type: 310)

printASTStmt: printAST
	OrNode: ||
	ConstantNode: falso (Type: 310)
	ConstantNode: falso (Type: 310)

printASTStmt: printAST
	NotNode: !
	ConstantNode: verdadero (Type: 310)

printASTStmt: printAST
	NotNode: !
	ConstantNode: falso (Type: 310)

printASTStmt: printAST
	AndNode: &&
	LessThanNode: <
	NumberNode: 1
	NumberNode: 2
	LessThanNode: <
	NumberNode: 2
	NumberNode: 3

printASTStmt: printAST
	AndNode: &&
	LessThanNode: <
	NumberNode: 1
	NumberNode: 2
	GreaterThanNode: >
	NumberNode: 2
	NumberNode: 3

print: true
print: false
print: true
print: false
print: false
print: true
print: true
print: false
